<testsuite errors="0" failures="0" name="Django Project Tests" skips="0" tests="4" time="0.004"><testcase classname="users.tests.CompanyTestCase" name="test_user_fields" time="0.001051" /><testcase classname="users.tests.CompanyTestCase" name="test_user_is_in_database" time="0.000997" /><testcase classname="users.tests.UserTestCase" name="test_user_fields" time="0.001001" /><testcase classname="users.tests.UserTestCase" name="test_user_is_in_database" time="0.000999" /></testsuite>